[www.marcomarino.design/index.html]
[backblue.gif]
[fade.gif]
[index.html]
[www.marcomarino.design/css/normalize.css]
[www.marcomarino.design/css/webflow.css]
[www.marcomarino.design/css/iperspace.webflow.css]
[www.marcomarino.design/css/demo.css]
[www.marcomarino.design/css/awwwards.css]
[ajax.googleapis.com/ajax/libs/webfont/1.4.7/webfont.js]
[www.marcomarino.design/images/fivicon.jpg]
[www.marcomarino.design/images/1.jpg]
[www.marcomarino.design/index-2.html]
[www.marcomarino.design/about.html]
[www.marcomarino.design/project.html]
[www.marcomarino.design/documents/Resume.pdf]
[ajax.googleapis.com/ajax/libs/jquery/2.2.0/jquery.min.js]
[www.marcomarino.design/js/webflow.js]
[www.marcomarino.design/js/anime.min.js]
[www.marcomarino.design/js/demo.js]
[www.marcomarino.design/index.html]
[www.marcomarino.design/css/normalize.css]
[www.marcomarino.design/css/webflow.css]
[www.marcomarino.design/images/decathlon.png]
[www.marcomarino.design/images/hdb-header-min.jpg]
[www.marcomarino.design/images/annabelle.jpg]
[www.marcomarino.design/images/downloading-from-smartphone.svg]
[www.marcomarino.design/images/eventoxtra-header.jpg]
[www.marcomarino.design/images/giphy.gif]
[www.marcomarino.design/images/giphy-1.gif]
[www.marcomarino.design/images/giphy-3.gif]
[www.marcomarino.design/images/flako.jpg]
[www.marcomarino.design/images/flako7-min.jpg]
[www.marcomarino.design/images/xtra9.png]
[www.marcomarino.design/images/bg-blue.png]
[www.marcomarino.design/images/Brand-Press_Black.png]
[www.marcomarino.design/images/Brand-Press-White.png]
[www.marcomarino.design/images/flako-web-min.png]
[www.marcomarino.design/images/03.jpg]
[www.marcomarino.design/images/3_1.jpg]
[www.marcomarino.design/images/3-min.jpg]
[www.marcomarino.design/images/03.-min_1.png]
[www.marcomarino.design/images/info.png]
[www.marcomarino.design/images/1-min.jpg]
[www.marcomarino.design/images/fonts.svg]
[www.marcomarino.design/images/22.Producto-min.png]
[www.marcomarino.design/images/claim-min.jpg]
[www.marcomarino.design/images/Desktop-Landscape.png]
[www.marcomarino.design/images/03.-min.png]
[www.marcomarino.design/images/decathlon3.jpg]
[www.marcomarino.design/images/04.jpg]
[www.marcomarino.design/images/flako6-min.jpg]
[www.marcomarino.design/images/grey.png]
[www.marcomarino.design/images/white.png]
[www.marcomarino.design/images/hdb5-min.jpg]
[www.marcomarino.design/images/hdb4-min.jpg]
[www.marcomarino.design/images/foot.jpg]
[www.marcomarino.design/images/foot.png]
[www.marcomarino.design/images/down-arrow.svg]
[www.marcomarino.design/images/IMG_0055-min.jpg]
[www.marcomarino.design/images/close.svg]
[www.marcomarino.design/images/arrow.svg]
[www.marcomarino.design/fonts/CircularPro-Black.otf]
[www.marcomarino.design/fonts/CircularPro-Book.otf]
[www.marcomarino.design/css/iperspace.webflow.css]
[www.marcomarino.design/css/demo.css]
[www.marcomarino.design/fonts/CircularPro-Medium.otf]
[www.marcomarino.design/fonts/CircularPro-Bold.otf]
[www.marcomarino.design/images/awwwards_honorable.png]
[www.marcomarino.design/css/awwwards.css]
[www.marcomarino.design/index-2.html]
[www.marcomarino.design/cdn-cgi/l/email-protection.html]
[www.marcomarino.design/about.html]
[www.marcomarino.design/cdn-cgi/scripts/5c5dd728/cloudflare-static/email-decode.min.js]
[www.marcomarino.design/annabelle.html]
[www.marcomarino.design/decathlon.html]
[www.marcomarino.design/eventoxtra.html]
[www.marcomarino.design/project.html]
[www.marcomarino.design/images/downloading-from-smartphone.svg]
[www.marcomarino.design/images/fonts.svg]
[www.marcomarino.design/images/down-arrow.svg]
[www.marcomarino.design/images/close.svg]
[www.marcomarino.design/images/arrow.svg]
[www.marcomarino.design/cdn-cgi/l/email-protection.html]
[www.marcomarino.design/el-flako.html]
[www.marcomarino.design/images/1-min_1.jpg]
[www.marcomarino.design/images/4-min.jpg]
[www.marcomarino.design/images/2-min.jpg]
[www.marcomarino.design/images/3-min_1.jpg]
[www.marcomarino.design/images/5-min.jpg]
[www.marcomarino.design/images/6-min.jpg]
[www.marcomarino.design/annabelle.html]
[www.marcomarino.design/images/1.png]
[www.marcomarino.design/images/1_1.jpg]
[www.marcomarino.design/images/4_1.jpg]
[www.marcomarino.design/images/3_2.jpg]
[www.marcomarino.design/images/6.jpg]
[www.marcomarino.design/images/5_1.jpg]
[www.marcomarino.design/decathlon.html]
[www.marcomarino.design/images/Videos.jpg]
[www.marcomarino.design/images/Gallery.jpg]
[www.marcomarino.design/images/Cases.jpg]
[www.marcomarino.design/images/about.jpg]
[www.marcomarino.design/images/contact.jpg]
[www.marcomarino.design/eventoxtra.html]
[www.marcomarino.design/images/El-Flako_22-min.jpg]
[www.marcomarino.design/images/El-Flako_17-min.jpg]
[www.marcomarino.design/images/2_1.jpg]
[www.marcomarino.design/images/1_2.jpg]
[www.marcomarino.design/el-flako.html]
